100 < 100  = 0
100 > 100  = 0
100 <= 100 = 1
100 >= 100 = 1
100 == 100 = 1
100 != 100 = 0
lit: 0
