key: 123 321 111
key: 123 321 222
key: 123 321 111
