Values: 123456789012345 3000 100 10 50 99999
Values: 123456789012345 3000 100 10 50 99999
Values: 123456789012345 3000 100 10 50 99999
